# FractureId; NumTraces 
0; 2
# TraceId; Tips; Length
0; 0; 25
1; 1; 1
# FractureId; NumTraces 
1; 1
# TraceId; Tips; Length
0; 1; 25
# FractureId; NumTraces 
2; 1
# TraceId; Tips; Length
1; 0; 1
